// Jest Snapshot v1, https://jestjs.io/docs/snapshot-testing

exports[`Report page snapshots matches the rendered report page snapshot 1`] = `
<div>
  <main
    style="max-width: 1100px; margin: 0px auto; padding: 2rem; color: rgb(226, 232, 240);"
  >
    <header
      style="margin-bottom: 2rem;"
    >
      <h1
        style="margin-bottom: 0.5rem;"
      >
        Lumibot + Alpaca Integration Report
      </h1>
      <p
        style="color: rgb(148, 163, 184);"
      >
        Research-backed implementation plan for strategy development, paper trading, and production architecture.
      </p>
      <a
        href="/"
        style="display: inline-block; margin-top: 0.8rem; color: rgb(147, 197, 253); text-decoration: none;"
      >
        Back to Home
      </a>
    </header>
    <section
      style="margin-bottom: 2.5rem;"
    >
      <h2>
        Proposed Strategies
      </h2>
      <div
        style="display: grid; gap: 1rem; grid-template-columns: repeat(auto-fit, minmax(280px, 1fr));"
      >
        <article
          style="background: rgb(30, 41, 59); border: 1px solid rgb(51, 65, 85); border-radius: 8px; padding: 1rem;"
        >
          <h3>
            Opening Range Breakout (ORB)
          </h3>
          <p>
            <strong>
              Market:
            </strong>
             
            US Equities
          </p>
          <p>
            <strong>
              Timeframe:
            </strong>
             
            5-min candles, day trading window
          </p>
          <p>
            Capture intraday momentum once price breaks the first 15-30 minute range with volume confirmation.
          </p>
          <p>
            <strong>
              Lumibot Sketch:
            </strong>
             
            At market open build opening range; if breakout + volume filter pass then submit bracket order via Alpaca paper account.
          </p>
          <p>
            <strong>
              Python Template:
            </strong>
             
            <code>
              strategies/lumibot/orb_strategy.py
            </code>
          </p>
          <ul>
            <li>
              Max 1% account risk per trade
            </li>
            <li>
              Stop loss below range low for longs / above range high for shorts
            </li>
            <li>
              No new entries after 14:30 ET
            </li>
          </ul>
        </article>
        <article
          style="background: rgb(30, 41, 59); border: 1px solid rgb(51, 65, 85); border-radius: 8px; padding: 1rem;"
        >
          <h3>
            SMA Regime Rotation
          </h3>
          <p>
            <strong>
              Market:
            </strong>
             
            SPY + defensive ETF basket
          </p>
          <p>
            <strong>
              Timeframe:
            </strong>
             
            Daily bars
          </p>
          <p>
            Use trend regime detection to rotate between risk-on and defensive ETFs while preserving capital in downtrends.
          </p>
          <p>
            <strong>
              Lumibot Sketch:
            </strong>
             
            If SPY close &gt; SMA200 allocate to SPY/QQQ split; otherwise rotate to SHY/IEF and rebalance monthly.
          </p>
          <p>
            <strong>
              Python Template:
            </strong>
             
            <code>
              strategies/lumibot/sma_regime_rotation.py
            </code>
          </p>
          <ul>
            <li>
              Risk-off if SPY closes below 200-day SMA
            </li>
            <li>
              Monthly rebalance frequency
            </li>
            <li>
              Max 30% allocation per non-cash asset
            </li>
          </ul>
        </article>
        <article
          style="background: rgb(30, 41, 59); border: 1px solid rgb(51, 65, 85); border-radius: 8px; padding: 1rem;"
        >
          <h3>
            RSI Mean Reversion Basket
          </h3>
          <p>
            <strong>
              Market:
            </strong>
             
            Liquid large-cap equities
          </p>
          <p>
            <strong>
              Timeframe:
            </strong>
             
            Daily scan with intraday execution
          </p>
          <p>
            Buy oversold names in an uptrend and scale out as price mean-reverts.
          </p>
          <p>
            <strong>
              Lumibot Sketch:
            </strong>
             
            Nightly scan for RSI(2) &lt; 10 and close &gt; SMA50; queue bracket orders for next session open on Alpaca paper endpoint.
          </p>
          <p>
            <strong>
              Python Template:
            </strong>
             
            <code>
              strategies/lumibot/mean_reversion_rsi.py
            </code>
          </p>
          <ul>
            <li>
              Only trade symbols with average volume &gt; 2M
            </li>
            <li>
              Hard stop at 2 ATR
            </li>
            <li>
              Take-profit ladder at +1 ATR and +2 ATR
            </li>
          </ul>
        </article>
      </div>
    </section>
    <section
      style="margin-bottom: 2.5rem;"
    >
      <h2>
        Integration Roadmap
      </h2>
      <ol>
        <li
          style="margin-bottom: 1rem;"
        >
          <strong>
            1) Local Python strategy workspace
          </strong>
          <p>
            Create a /strategies/lumibot folder with reusable indicators, risk utilities, and strategy classes. Keep broker credentials in .env and never in repo.
          </p>
        </li>
        <li
          style="margin-bottom: 1rem;"
        >
          <strong>
            2) Alpaca paper trading credentials
          </strong>
          <p>
            Use APCA_API_BASE_URL=https://paper-api.alpaca.markets and dedicated paper keys to validate order routing and position sync.
          </p>
        </li>
        <li
          style="margin-bottom: 1rem;"
        >
          <strong>
            3) Backtest to paper promotion gates
          </strong>
          <p>
            Define objective gates (Sharpe, max drawdown, win-rate stability) before enabling a strategy in paper mode. Persist all metrics in this app for review.
          </p>
        </li>
        <li
          style="margin-bottom: 1rem;"
        >
          <strong>
            4) Vercel deployment split
          </strong>
          <p>
            Deploy this Next.js dashboard on Vercel for monitoring/configuration. Run Lumibot execution workers on a Python-capable worker host; trigger health checks from Vercel Cron/API routes.
          </p>
        </li>
      </ol>
    </section>
    <section
      style="margin-bottom: 2.5rem;"
    >
      <h2>
        Vercel Deployment Notes
      </h2>
      <article
        style="background: rgb(30, 41, 59); border-left: 3px solid rgb(59, 130, 246); border-radius: 6px; padding: 0.8rem 1rem; margin-bottom: 0.8rem;"
      >
        <h3>
          Why split services?
        </h3>
        <p>
          Trading engines are stateful and often long-running, while Vercel functions are request/response and time-bounded. Split improves reliability and restart control.
        </p>
      </article>
      <article
        style="background: rgb(30, 41, 59); border-left: 3px solid rgb(59, 130, 246); border-radius: 6px; padding: 0.8rem 1rem; margin-bottom: 0.8rem;"
      >
        <h3>
          Recommended deployment path
        </h3>
        <p>
          Vercel hosts UI + API proxy. Worker host (e.g., container VM) runs Lumibot and connects to Alpaca paper/live APIs. Use webhook or queue to pass strategy changes.
        </p>
      </article>
      <article
        style="background: rgb(30, 41, 59); border-left: 3px solid rgb(59, 130, 246); border-radius: 6px; padding: 0.8rem 1rem; margin-bottom: 0.8rem;"
      >
        <h3>
          Operational checklist
        </h3>
        <p>
          Add structured logs, per-strategy kill-switch, drawdown circuit-breakers, and heartbeat alerts before moving from paper to live.
        </p>
      </article>
    </section>
    <section
      style="margin-bottom: 2.5rem;"
    >
      <h2>
        Research Sources
      </h2>
      <ul>
        <li>
          <a
            href="https://lumibot.lumiwealth.com/"
            rel="noreferrer noopener"
            style="color: rgb(147, 197, 253);"
            target="_blank"
          >
            https://lumibot.lumiwealth.com/ (Lumibot docs)
          </a>
        </li>
        <li>
          <a
            href="https://alpaca.markets/sdks/python/"
            rel="noreferrer noopener"
            style="color: rgb(147, 197, 253);"
            target="_blank"
          >
            https://alpaca.markets/sdks/python/ (Alpaca Python SDK docs)
          </a>
        </li>
        <li>
          <a
            href="https://docs.alpaca.markets/docs/getting-started-with-paper-trading"
            rel="noreferrer noopener"
            style="color: rgb(147, 197, 253);"
            target="_blank"
          >
            https://docs.alpaca.markets/docs/getting-started-with-paper-trading (Alpaca paper trading docs)
          </a>
        </li>
        <li>
          <a
            href="https://vercel.com/docs/cron-jobs"
            rel="noreferrer noopener"
            style="color: rgb(147, 197, 253);"
            target="_blank"
          >
            https://vercel.com/docs/cron-jobs (Vercel cron docs)
          </a>
        </li>
        <li>
          <a
            href="https://vercel.com/docs/functions/runtimes/python"
            rel="noreferrer noopener"
            style="color: rgb(147, 197, 253);"
            target="_blank"
          >
            https://vercel.com/docs/functions/runtimes/python (Vercel Python runtime docs)
          </a>
        </li>
      </ul>
    </section>
  </main>
</div>
`;
